[1m[7m%[27m[1m[0m                                                                                    [0m[27m[24m[Jbeenjeong022655@c5r4s7 codyssey-e1-1 % [K[?2004h[7mcd app[27m
[7mcat docker-compose.yml[27m[K
[K
[7mdocker compose down[27m[K
[7mdocker compose up -d --build[27m[K
[7mdocker compose ps[27m[K[5A[22C[27mc[27md[27m [27ma[27mp[27mp[1B[27mc[27ma[27mt[27m [27md[27mo[27mc[27mk[27me[27mr[27m-[27mc[27mo[27mm[27mp[27mo[27ms[27me[27m.[27my[27mm[27ml[2B[27md[27mo[27mc[27mk[27me[27mr[27m [27mc[27mo[27mm[27mp[27mo[27ms[27me[27m [27md[27mo[27mw[27mn[1B[27md[27mo[27mc[27mk[27me[27mr[27m [27mc[27mo[27mm[27mp[27mo[27ms[27me[27m [27mu[27mp[27m [27m-[27md[27m [27m-[27m-[27mb[27mu[27mi[27ml[27md[1B[27md[27mo[27mc[27mk[27me[27mr[27m [27mc[27mo[27mm[27mp[27mo[27ms[27me[27m [27mp[27ms[?2004l
services:
  web:
    build: .
    ports:
      - "8080:8000"
    environment:
      - APP_ENV=production
      - REDIS_HOST=redis
    depends_on:
      - redis

  redis:
    image: "redis:7-alpine"[1A[1B[0G[?25l[+] Running 0/1
 [33m⠋[0m Container app-web-1  Stopping                                               [34m0.1s [0m
[?25h[1A[1A[0G[?25l[+] Running 0/1
 [33m⠙[0m Container app-web-1  Stopping                                               [34m0.2s [0m
[?25h[1A[1A[0G[?25l[+] Running 0/1
 [33m⠹[0m Container app-web-1  Stopping                                               [34m0.3s [0m
[?25h[1A[1A[0G[?25l[+] Running 0/1
 [33m⠸[0m Container app-web-1  Stopping                                               [34m0.4s [0m
[?25h[1A[1A[0G[?25l[34m[+] Running 1/2[0m
 [32m✔[0m Container app-web-1  [32mRemoved[0m                                                [34m0.4s [0m
 [33m⠋[0m Network app_default  Removing                                               [34m0.0s [0m
[?25h[1A[1A[1A[0G[?25l[34m[+] Running 2/2[0m
 [32m✔[0m Container app-web-1  [32mRemoved[0m                                                [34m0.4s [0m
 [32m✔[0m Network app_default  [32mRemoved[0m                                                [34m0.1s [0m
[?25h[1A[1B[0G[?25l[+] Running 0/1
 [33m⠋[0m redis Pulling                                                               [34m0.1s [0m
[?25h[1A[1A[0G[?25l[+] Running 0/1
 [33m⠙[0m redis Pulling                                                               [34m0.2s [0m
[?25h[1A[1A[0G[?25l[+] Running 0/1
 [33m⠹[0m redis Pulling                                                               [34m0.3s [0m
[?25h[1A[1A[0G[?25l[+] Running 0/1
 [33m⠸[0m redis Pulling                                                               [34m0.4s [0m
[?25h[1A[1A[0G[?25l[+] Running 0/1
 [33m⠼[0m redis Pulling                                                               [34m0.5s [0m
[?25h[1A[1A[0G[?25l[+] Running 0/1
 [33m⠴[0m redis Pulling                                                               [34m0.6s [0m
[?25h[1A[1A[0G[?25l[+] Running 0/1
 [33m⠦[0m redis Pulling                                                               [34m0.7s [0m
[?25h[1A[1A[0G[?25l[+] Running 0/1
 [33m⠧[0m redis Pulling                                                               [34m0.8s [0m
[?25h[1A[1A[0G[?25l[+] Running 0/1
 [33m⠇[0m redis Pulling                                                               [34m0.9s [0m
[?25h[1A[1A[0G[?25l[+] Running 0/1
 [33m⠏[0m redis Pulling                                                               [34m1.0s [0m
[?25h[1A[1A[0G[?25l[+] Running 0/1
 [33m⠋[0m redis Pulling                                                               [34m1.1s [0m
[?25h[1A[1A[0G[?25l[+] Running 0/1
 [33m⠙[0m redis Pulling                                                               [34m1.2s [0m
[?25h[1A[1A[0G[?25l[+] Running 0/1
 [33m⠹[0m redis Pulling                                                               [34m1.3s [0m
[?25h[1A[1A[0G[?25l[+] Running 0/1
 [33m⠸[0m redis Pulling                                                               [34m1.4s [0m
[?25h[1A[1A[0G[?25l[+] Running 0/1
 [33m⠼[0m redis Pulling                                                               [34m1.5s [0m
[?25h[1A[1A[0G[?25l[+] Running 0/1
 [33m⠴[0m redis Pulling                                                               [34m1.6s [0m
[?25h[1A[1A[0G[?25l[+] Running 0/1
 [33m⠦[0m redis Pulling                                                               [34m1.7s [0m
[?25h[1A[1A[0G[?25l[+] Running 0/1
 [33m⠧[0m redis Pulling                                                               [34m1.8s [0m
[?25h[1A[1A[0G[?25l[+] Running 0/1
 [33m⠇[0m redis Pulling                                                               [34m1.9s [0m
[?25h[1A[1A[0G[?25l[+] Running 0/1
 [33m⠏[0m redis Pulling                                                               [34m2.0s [0m
[?25h[1A[1A[0G[?25l[+] Running 0/1
 [33m⠋[0m redis Pulling                                                               [34m2.1s [0m
[?25h[1A[1A[0G[?25l[+] Running 0/1
 [33m⠙[0m redis Pulling                                                               [34m2.2s [0m
[?25h[1A[1A[0G[?25l[+] Running 0/1
 [33m⠹[0m redis Pulling                                                               [34m2.3s [0m
[?25h[1A[1A[0G[?25l[+] Running 0/1
 [33m⠸[0m redis Pulling                                                               [34m2.4s [0m
[?25h[1A[1A[0G[?25l[+] Running 0/1
 [33m⠼[0m redis Pulling                                                               [34m2.5s [0m
[?25h[1A[1A[0G[?25l[+] Running 0/1
 [33m⠴[0m redis Pulling                                                               [34m2.6s [0m
[?25h[1A[1A[0G[?25l[+] Running 0/1
 [33m⠦[0m redis Pulling                                                               [34m2.7s [0m
[?25h[1A[1A[0G[?25l[+] Running 0/1
 [33m⠧[0m redis Pulling                                                               [34m2.8s [0m
[?25h[1A[1A[0G[?25l[+] Running 0/1
 [33m⠇[0m redis Pulling                                                               [34m2.9s [0m
[?25h[1A[1A[0G[?25l[+] Running 0/1
 [33m⠏[0m redis Pulling                                                               [34m3.0s [0m
[?25h[1A[1A[0G[?25l[+] Running 0/1
 [33m⠋[0m redis Pulling                                                               [34m3.1s [0m
[?25h[1A[1A[0G[?25l[+] Running 0/1
 [33m⠙[0m redis Pulling                                                               [34m3.2s [0m
[?25h[1A[1A[0G[?25l[+] Running 0/1
 [33m⠹[0m redis Pulling                                                               [34m3.3s [0m
[?25h[1A[1A[0G[?25l[+] Running 0/8
 [33m⠸[0m redis [[32m⠀⠀⠀⠀⠀⠀⠀[0m] Pulling                                                     [34m3.4s [0m
   [33m⠋[0m 897d797d2723 Pulling fs layer                                             [34m0.0s [0m
   [33m⠋[0m f5a655897537 Pulling fs layer                                             [34m0.0s [0m
   [33m⠋[0m 63e63047b377 Pulling fs layer                                             [34m0.0s [0m
   [33m⠋[0m 627d9d06d3d0 Waiting                                                      [34m0.0s [0m
   [33m⠋[0m 93ebed1aef27 Waiting                                                      [34m0.0s [0m
   [33m⠋[0m 4f4fb700ef54 Waiting                                                      [34m0.0s [0m
   [33m⠋[0m db197c512a33 Waiting                                                      [34m0.0s [0m
[?25h[1A[1A[1A[1A[1A[1A[1A[1A[1A[0G[?25l[+] Running 0/8
 [33m⠼[0m redis [[32m⠀⠀⠀⠀⠀⠀⠀[0m] Pulling                                                     [34m3.5s [0m
   [33m⠙[0m 897d797d2723 Pulling fs layer                                             [34m0.1s [0m
   [33m⠙[0m f5a655897537 Pulling fs layer                                             [34m0.1s [0m
   [33m⠙[0m 63e63047b377 Pulling fs layer                                             [34m0.1s [0m
   [33m⠙[0m 627d9d06d3d0 Waiting                                                      [34m0.1s [0m
   [33m⠙[0m 93ebed1aef27 Waiting                                                      [34m0.1s [0m
   [33m⠙[0m 4f4fb700ef54 Waiting                                                      [34m0.1s [0m
   [33m⠙[0m db197c512a33 Waiting                                                      [34m0.1s [0m
[?25h[1A[1A[1A[1A[1A[1A[1A[1A[1A[0G[?25l[+] Running 0/8
 [33m⠴[0m redis [[32m⠀⠀⠀⠀⠀⠀⠀[0m] Pulling                                                     [34m3.6s [0m
   [33m⠹[0m 897d797d2723 Pulling fs layer                                             [34m0.2s [0m
   [33m⠹[0m f5a655897537 Pulling fs layer                                             [34m0.2s [0m
   [33m⠹[0m 63e63047b377 Pulling fs layer                                             [34m0.2s [0m
   [33m⠹[0m 627d9d06d3d0 Waiting                                                      [34m0.2s [0m
   [33m⠹[0m 93ebed1aef27 Waiting                                                      [34m0.2s [0m
   [33m⠹[0m 4f4fb700ef54 Waiting                                                      [34m0.2s [0m
   [33m⠹[0m db197c512a33 Waiting                                                      [34m0.2s [0m
[?25h[1A[1A[1A[1A[1A[1A[1A[1A[1A[0G[?25l[+] Running 0/8
 [33m⠦[0m redis [[32m⠀⠀⠀⠀⠀⠀⠀[0m] Pulling                                                     [34m3.7s [0m
   [33m⠸[0m 897d797d2723 Pulling fs layer                                             [34m0.3s [0m
   [33m⠸[0m f5a655897537 Pulling fs layer                                             [34m0.3s [0m
   [33m⠸[0m 63e63047b377 Pulling fs layer                                             [34m0.3s [0m
   [33m⠸[0m 627d9d06d3d0 Waiting                                                      [34m0.3s [0m
   [33m⠸[0m 93ebed1aef27 Waiting                                                      [34m0.3s [0m
   [33m⠸[0m 4f4fb700ef54 Waiting                                                      [34m0.3s [0m
   [33m⠸[0m db197c512a33 Waiting                                                      [34m0.3s [0m
[?25h[1A[1A[1A[1A[1A[1A[1A[1A[1A[0G[?25l[+] Running 0/8
 [33m⠧[0m redis [[32m⠀⠀⠀⠀⠀⠀⠀[0m] Pulling                                                     [34m3.8s [0m
   [33m⠼[0m 897d797d2723 Pulling fs layer                                             [34m0.4s [0m
   [33m⠼[0m f5a655897537 Pulling fs layer                                             [34m0.4s [0m
   [33m⠼[0m 63e63047b377 Pulling fs layer                                             [34m0.4s [0m
   [33m⠼[0m 627d9d06d3d0 Waiting                                                      [34m0.4s [0m
   [33m⠼[0m 93ebed1aef27 Waiting                                                      [34m0.4s [0m
   [33m⠼[0m 4f4fb700ef54 Waiting                                                      [34m0.4s [0m
   [33m⠼[0m db197c512a33 Waiting                                                      [34m0.4s [0m
[?25h[1A[1A[1A[1A[1A[1A[1A[1A[1A[0G[?25l[+] Running 0/8
 [33m⠇[0m redis [[32m⠀⠀⠀⠀⠀⠀⠀[0m] Pulling                                                     [34m3.9s [0m
   [33m⠴[0m 897d797d2723 Pulling fs layer                                             [34m0.5s [0m
   [33m⠴[0m f5a655897537 Pulling fs layer                                             [34m0.5s [0m
   [33m⠴[0m 63e63047b377 Pulling fs layer                                             [34m0.5s [0m
   [33m⠴[0m 627d9d06d3d0 Waiting                                                      [34m0.5s [0m
   [33m⠴[0m 93ebed1aef27 Waiting                                                      [34m0.5s [0m
   [33m⠴[0m 4f4fb700ef54 Waiting                                                      [34m0.5s [0m
   [33m⠴[0m db197c512a33 Waiting                                                      [34m0.5s [0m
[?25h[1A[1A[1A[1A[1A[1A[1A[1A[1A[0G[?25l[+] Running 0/8
 [33m⠏[0m redis [[32m⠀⠀⠀⠀⠀⠀⠀[0m] Pulling                                                     [34m4.0s [0m
   [33m⠦[0m 897d797d2723 Pulling fs layer                                             [34m0.6s [0m
   [33m⠦[0m f5a655897537 Pulling fs layer                                             [34m0.6s [0m
   [33m⠦[0m 63e63047b377 Pulling fs layer                                             [34m0.6s [0m
   [33m⠦[0m 627d9d06d3d0 Waiting                                                      [34m0.6s [0m
   [33m⠦[0m 93ebed1aef27 Waiting                                                      [34m0.6s [0m
   [33m⠦[0m 4f4fb700ef54 Waiting                                                      [34m0.6s [0m
   [33m⠦[0m db197c512a33 Waiting                                                      [34m0.6s [0m
[?25h[1A[1A[1A[1A[1A[1A[1A[1A[1A[0G[?25l[+] Running 2/8
 [33m⠋[0m redis [[32m⠀⣿⣿⠀⠀⠀⠀[0m] Pulling                                                     [34m4.1s [0m
   [33m⠧[0m 897d797d2723 Downloading  48.49kB/3.647MB                                 [34m0.7s [0m
   [32m✔[0m f5a655897537 Download complete [32m[0m                                           [34m0.6s [0m
   [32m✔[0m 63e63047b377 Download complete [32m[0m                                           [34m0.6s [0m
   [33m⠧[0m 627d9d06d3d0 Waiting                                                      [34m0.7s [0m
   [33m⠧[0m 93ebed1aef27 Waiting                                                      [34m0.7s [0m
   [33m⠧[0m 4f4fb700ef54 Waiting                                                      [34m0.7s [0m
   [33m⠧[0m db197c512a33 Waiting                                                      [34m0.7s [0m
[?25h[1A[1A[1A[1A[1A[1A[1A[1A[1A[0G[?25l[+] Running 2/8
 [33m⠙[0m redis [[32m⣿⣿⣿⠀⠀⠀⠀[0m] Pulling                                                     [34m4.2s [0m
   [33m⠇[0m 897d797d2723 Extracting  65.54kB/3.647MB                                  [34m0.8s [0m
   [32m✔[0m f5a655897537 Download complete [32m[0m                                           [34m0.6s [0m
   [32m✔[0m 63e63047b377 Download complete [32m[0m                                           [34m0.6s [0m
   [33m⠇[0m 627d9d06d3d0 Waiting                                                      [34m0.8s [0m
   [33m⠇[0m 93ebed1aef27 Waiting                                                      [34m0.8s [0m
   [33m⠇[0m 4f4fb700ef54 Waiting                                                      [34m0.8s [0m
   [33m⠇[0m db197c512a33 Waiting                                                      [34m0.8s [0m
[?25h[1A[1A[1A[1A[1A[1A[1A[1A[1A[0G[?25l[+] Running 2/8
 [33m⠹[0m redis [[32m⣿⣿⣿⠀⠀⠀⠀[0m] Pulling                                                     [34m4.3s [0m
   [32m✔[0m 897d797d2723 Pull complete [32m[0m                                               [34m0.9s [0m
   [33m⠧[0m f5a655897537 Extracting     949B/949B                                     [34m0.9s [0m
   [32m✔[0m 63e63047b377 Download complete [32m[0m                                           [34m0.6s [0m
   [33m⠏[0m 627d9d06d3d0 Waiting                                                      [34m0.9s [0m
   [33m⠏[0m 93ebed1aef27 Waiting                                                      [34m0.9s [0m
   [33m⠏[0m 4f4fb700ef54 Waiting                                                      [34m0.9s [0m
   [33m⠏[0m db197c512a33 Waiting                                                      [34m0.9s [0m
[?25h[1A[1A[1A[1A[1A[1A[1A[1A[1A[0G[?25l[+] Running 2/8
 [33m⠸[0m redis [[32m⣿⣿⣿⠀⠀⠀⠀[0m] Pulling                                                     [34m4.4s [0m
   [32m✔[0m 897d797d2723 Pull complete [32m[0m                                               [34m0.9s [0m
   [32m✔[0m f5a655897537 Pull complete [32m[0m                                               [34m1.0s [0m
   [33m⠧[0m 63e63047b377 Extracting  194.3kB/194.3kB                                  [34m1.0s [0m
   [33m⠋[0m 627d9d06d3d0 Waiting                                                      [34m1.0s [0m
   [33m⠋[0m 93ebed1aef27 Waiting                                                      [34m1.0s [0m
   [33m⠋[0m 4f4fb700ef54 Waiting                                                      [34m1.0s [0m
   [33m⠋[0m db197c512a33 Waiting                                                      [34m1.0s [0m
[?25h[1A[1A[1A[1A[1A[1A[1A[1A[1A[0G[?25l[+] Running 2/8
 [33m⠼[0m redis [[32m⣿⣿⣿⠀⠀⠀⠀[0m] Pulling                                                     [34m4.5s [0m
   [32m✔[0m 897d797d2723 Pull complete [32m[0m                                               [34m0.9s [0m
   [32m✔[0m f5a655897537 Pull complete [32m[0m                                               [34m1.0s [0m
   [33m⠇[0m 63e63047b377 Extracting  194.3kB/194.3kB                                  [34m1.1s [0m
   [33m⠙[0m 627d9d06d3d0 Waiting                                                      [34m1.1s [0m
   [33m⠙[0m 93ebed1aef27 Waiting                                                      [34m1.1s [0m
   [33m⠙[0m 4f4fb700ef54 Waiting                                                      [34m1.1s [0m
   [33m⠙[0m db197c512a33 Waiting                                                      [34m1.1s [0m
[?25h[1A[1A[1A[1A[1A[1A[1A[1A[1A[0G[?25l[+] Running 3/8
 [33m⠴[0m redis [[32m⣿⣿⣿⠀⠀⠀⠀[0m] Pulling                                                     [34m4.6s [0m
   [32m✔[0m 897d797d2723 Pull complete [32m[0m                                               [34m0.9s [0m
   [32m✔[0m f5a655897537 Pull complete [32m[0m                                               [34m1.0s [0m
   [32m✔[0m 63e63047b377 Pull complete [32m[0m                                               [34m1.1s [0m
   [33m⠹[0m 627d9d06d3d0 Waiting                                                      [34m1.2s [0m
   [33m⠹[0m 93ebed1aef27 Waiting                                                      [34m1.2s [0m
   [33m⠹[0m 4f4fb700ef54 Waiting                                                      [34m1.2s [0m
   [33m⠹[0m db197c512a33 Waiting                                                      [34m1.2s [0m
[?25h[1A[1A[1A[1A[1A[1A[1A[1A[1A[0G[?25l[+] Running 4/8
 [33m⠦[0m redis [[32m⣿⣿⣿⠀⣿⠀⠀[0m] Pulling                                                     [34m4.7s [0m
   [32m✔[0m 897d797d2723 Pull complete [32m[0m                                               [34m0.9s [0m
   [32m✔[0m f5a655897537 Pull complete [32m[0m                                               [34m1.0s [0m
   [32m✔[0m 63e63047b377 Pull complete [32m[0m                                               [34m1.1s [0m
   [33m⠸[0m 627d9d06d3d0 Downloading  130.5kB/12.41MB                                 [34m1.3s [0m
   [32m✔[0m 93ebed1aef27 Download complete [32m[0m                                           [34m1.3s [0m
   [33m⠸[0m 4f4fb700ef54 Waiting                                                      [34m1.3s [0m
   [33m⠸[0m db197c512a33 Waiting                                                      [34m1.3s [0m
[?25h[1A[1A[1A[1A[1A[1A[1A[1A[1A[0G[?25l[+] Running 4/8
 [33m⠧[0m redis [[32m⣿⣿⣿⣀⣿⠀⠀[0m] Pulling                                                     [34m4.8s [0m
   [32m✔[0m 897d797d2723 Pull complete [32m[0m                                               [34m0.9s [0m
   [32m✔[0m f5a655897537 Pull complete [32m[0m                                               [34m1.0s [0m
   [32m✔[0m 63e63047b377 Pull complete [32m[0m                                               [34m1.1s [0m
   [33m⠼[0m 627d9d06d3d0 Downloading  4.587MB/12.41MB                                 [34m1.4s [0m
   [32m✔[0m 93ebed1aef27 Download complete [32m[0m                                           [34m1.3s [0m
   [33m⠼[0m 4f4fb700ef54 Waiting                                                      [34m1.4s [0m
   [33m⠼[0m db197c512a33 Waiting                                                      [34m1.4s [0m
[?25h[1A[1A[1A[1A[1A[1A[1A[1A[1A[0G[?25l[+] Running 5/8
 [33m⠇[0m redis [[32m⣿⣿⣿⣿⣿⣿⠀[0m] Pulling                                                     [34m4.9s [0m
   [32m✔[0m 897d797d2723 Pull complete [32m[0m                                               [34m0.9s [0m
   [32m✔[0m f5a655897537 Pull complete [32m[0m                                               [34m1.0s [0m
   [32m✔[0m 63e63047b377 Pull complete [32m[0m                                               [34m1.1s [0m
   [33m⠴[0m 627d9d06d3d0 Extracting     131.1kB/12.41MB                               [34m1.5s [0m
   [32m✔[0m 93ebed1aef27 Download complete [32m[0m                                           [34m1.3s [0m
   [32m✔[0m 4f4fb700ef54 Download complete [32m[0m                                           [34m1.4s [0m
   [33m⠴[0m db197c512a33 Waiting                                                      [34m1.5s [0m
[?25h[1A[1A[1A[1A[1A[1A[1A[1A[1A[0G[?25l[+] Running 5/8
 [33m⠏[0m redis [[32m⣿⣿⣿⣿⣿⣿⠀[0m] Pulling                                                     [34m5.0s [0m
   [32m✔[0m 897d797d2723 Pull complete [32m[0m                                               [34m0.9s [0m
   [32m✔[0m f5a655897537 Pull complete [32m[0m                                               [34m1.0s [0m
   [32m✔[0m 63e63047b377 Pull complete [32m[0m                                               [34m1.1s [0m
   [33m⠦[0m 627d9d06d3d0 Extracting     4.719MB/12.41MB                               [34m1.6s [0m
   [32m✔[0m 93ebed1aef27 Download complete [32m[0m                                           [34m1.3s [0m
   [32m✔[0m 4f4fb700ef54 Download complete [32m[0m                                           [34m1.4s [0m
   [33m⠦[0m db197c512a33 Waiting                                                      [34m1.6s [0m
[?25h[1A[1A[1A[1A[1A[1A[1A[1A[1A[0G[?25l[+] Running 5/8
 [33m⠋[0m redis [[32m⣿⣿⣿⣿⣿⣿⠀[0m] Pulling                                                     [34m5.1s [0m
   [32m✔[0m 897d797d2723 Pull complete [32m[0m                                               [34m0.9s [0m
   [32m✔[0m f5a655897537 Pull complete [32m[0m                                               [34m1.0s [0m
   [32m✔[0m 63e63047b377 Pull complete [32m[0m                                               [34m1.1s [0m
   [33m⠧[0m 627d9d06d3d0 Extracting     12.06MB/12.41MB                               [34m1.7s [0m
   [32m✔[0m 93ebed1aef27 Download complete [32m[0m                                           [34m1.3s [0m
   [32m✔[0m 4f4fb700ef54 Download complete [32m[0m                                           [34m1.4s [0m
   [33m⠧[0m db197c512a33 Waiting                                                      [34m1.7s [0m
[?25h[1A[1A[1A[1A[1A[1A[1A[1A[1A[0G[?25l[+] Running 5/8
 [33m⠙[0m redis [[32m⣿⣿⣿⣿⣿⣿⠀[0m] Pulling                                                     [34m5.2s [0m
   [32m✔[0m 897d797d2723 Pull complete [32m[0m                                               [34m0.9s [0m
   [32m✔[0m f5a655897537 Pull complete [32m[0m                                               [34m1.0s [0m
   [32m✔[0m 63e63047b377 Pull complete [32m[0m                                               [34m1.1s [0m
   [32m✔[0m 627d9d06d3d0 Pull complete [32m[0m                                               [34m1.8s [0m
   [33m⠸[0m 93ebed1aef27 Extracting         99B/99B                                   [34m1.8s [0m
   [32m✔[0m 4f4fb700ef54 Download complete [32m[0m                                           [34m1.4s [0m
   [33m⠇[0m db197c512a33 Waiting                                                      [34m1.8s [0m
[?25h[1A[1A[1A[1A[1A[1A[1A[1A[1A[0G[?25l[+] Running 5/8
 [33m⠹[0m redis [[32m⣿⣿⣿⣿⣿⣿⠀[0m] Pulling                                                     [34m5.3s [0m
   [32m✔[0m 897d797d2723 Pull complete [32m[0m                                               [34m0.9s [0m
   [32m✔[0m f5a655897537 Pull complete [32m[0m                                               [34m1.0s [0m
   [32m✔[0m 63e63047b377 Pull complete [32m[0m                                               [34m1.1s [0m
   [32m✔[0m 627d9d06d3d0 Pull complete [32m[0m                                               [34m1.8s [0m
   [32m✔[0m 93ebed1aef27 Pull complete [32m[0m                                               [34m1.8s [0m
   [33m⠴[0m 4f4fb700ef54 Extracting      32B/32B                                      [34m1.9s [0m
   [33m⠏[0m db197c512a33 Waiting                                                      [34m1.9s [0m
[?25h[1A[1A[1A[1A[1A[1A[1A[1A[1A[0G[?25l[+] Running 7/8
 [33m⠸[0m redis [[32m⣿⣿⣿⣿⣿⣿⣿[0m] 16.26MB / 16.26MB Pulling                                   [34m5.4s [0m
   [32m✔[0m 897d797d2723 Pull complete [32m[0m                                               [34m0.9s [0m
   [32m✔[0m f5a655897537 Pull complete [32m[0m                                               [34m1.0s [0m
   [32m✔[0m 63e63047b377 Pull complete [32m[0m                                               [34m1.1s [0m
   [32m✔[0m 627d9d06d3d0 Pull complete [32m[0m                                               [34m1.8s [0m
   [32m✔[0m 93ebed1aef27 Pull complete [32m[0m                                               [34m1.8s [0m
   [32m✔[0m 4f4fb700ef54 Pull complete [32m[0m                                               [34m1.9s [0m
   [32m✔[0m db197c512a33 Pull complete [32m[0m                                               [34m2.0s [0m
[?25h[1A[1A[1A[1A[1A[1A[1A[1A[1A[0G[?25l[34m[+] Running 8/8[0m
 [32m✔[0m redis Pulled             [32m[0m                                                   [34m5.5s [0m
   [32m✔[0m 897d797d2723 Pull complete [32m[0m                                               [34m0.9s [0m
   [32m✔[0m f5a655897537 Pull complete [32m[0m                                               [34m1.0s [0m
   [32m✔[0m 63e63047b377 Pull complete [32m[0m                                               [34m1.1s [0m
   [32m✔[0m 627d9d06d3d0 Pull complete [32m[0m                                               [34m1.8s [0m
   [32m✔[0m 93ebed1aef27 Pull complete [32m[0m                                               [34m1.8s [0m
   [32m✔[0m 4f4fb700ef54 Pull complete [32m[0m                                               [34m1.9s [0m
   [32m✔[0m db197c512a33 Pull complete [32m[0m                                               [34m2.0s [0m
[?25h[1A[1B[0G[?25l[+] Building 0.0s (0/1)                                                             
 => [internal] load local bake definitions                                     0.0s
[?25h[1A[1A[0G[?25l[+] Building 0.2s (1/1)                                                             
[34m => [internal] load local bake definitions                                     0.0s
[0m[34m => => reading from stdin 513B                                                 0.0s
[0m[?25h[1A[1A[1A[0G[?25l[+] Building 0.2s (1/2)                                                             
[34m => [internal] load local bake definitions                                     0.0s
[0m[34m => => reading from stdin 513B                                                 0.0s
[0m[?25h[1A[1A[1A[0G[?25l[+] Building 0.4s (2/3)                                                             
[34m => [internal] load local bake definitions                                     0.0s
[0m[34m => => reading from stdin 513B                                                 0.0s
[0m[34m => [internal] load build definition from Dockerfile                           0.1s
[0m[34m => => transferring dockerfile: 586B                                           0.0s
[0m => [internal] load metadata for docker.io/library/ubuntu:22.04                0.2s
[?25h[1A[1A[1A[1A[1A[1A[0G[?25l[+] Building 0.6s (2/3)                                                             
[34m => [internal] load local bake definitions                                     0.0s
[0m[34m => => reading from stdin 513B                                                 0.0s
[0m[34m => [internal] load build definition from Dockerfile                           0.1s
[0m[34m => => transferring dockerfile: 586B                                           0.0s
[0m => [internal] load metadata for docker.io/library/ubuntu:22.04                0.3s
[?25h[1A[1A[1A[1A[1A[1A[0G[?25l[+] Building 0.7s (2/3)                                                             
[34m => [internal] load local bake definitions                                     0.0s
[0m[34m => => reading from stdin 513B                                                 0.0s
[0m[34m => [internal] load build definition from Dockerfile                           0.1s
[0m[34m => => transferring dockerfile: 586B                                           0.0s
[0m => [internal] load metadata for docker.io/library/ubuntu:22.04                0.5s
[?25h[1A[1A[1A[1A[1A[1A[0G[?25l[+] Building 0.9s (2/3)                                                             
[34m => [internal] load local bake definitions                                     0.0s
[0m[34m => => reading from stdin 513B                                                 0.0s
[0m[34m => [internal] load build definition from Dockerfile                           0.1s
[0m[34m => => transferring dockerfile: 586B                                           0.0s
[0m => [internal] load metadata for docker.io/library/ubuntu:22.04                0.6s
[?25h[1A[1A[1A[1A[1A[1A[0G[?25l[+] Building 1.0s (2/3)                                                             
[34m => [internal] load local bake definitions                                     0.0s
[0m[34m => => reading from stdin 513B                                                 0.0s
[0m[34m => [internal] load build definition from Dockerfile                           0.1s
[0m[34m => => transferring dockerfile: 586B                                           0.0s
[0m => [internal] load metadata for docker.io/library/ubuntu:22.04                0.8s
[?25h[1A[1A[1A[1A[1A[1A[0G[?25l[+] Building 1.1s (3/3)                                                             
[34m => [internal] load local bake definitions                                     0.0s
[0m[34m => => reading from stdin 513B                                                 0.0s
[0m[34m => [internal] load build definition from Dockerfile                           0.1s
[0m[34m => => transferring dockerfile: 586B                                           0.0s
[0m[34m => [internal] load metadata for docker.io/library/ubuntu:22.04                0.8s
[0m[?25h[1A[1A[1A[1A[1A[1A[0G[?25l[+] Building 1.2s (5/12)                                                            
[34m => [internal] load local bake definitions                                     0.0s
[0m[34m => => reading from stdin 513B                                                 0.0s
[0m[34m => [internal] load build definition from Dockerfile                           0.1s
[0m[34m => => transferring dockerfile: 586B                                           0.0s
[0m[34m => [internal] load metadata for docker.io/library/ubuntu:22.04                0.8s
[0m[34m => [internal] load .dockerignore                                              0.1s
[0m[34m => => transferring context: 2B                                                0.0s
[0m[34m => [1/7] FROM docker.io/library/ubuntu:22.04@sha256:0e0a0fc6d18feda9db1590da  0.0s
[0m => [internal] load build context                                              0.0s
 => => transferring context:                                                   0.0s
[?25h[1A[1A[1A[1A[1A[1A[1A[1A[1A[1A[1A[0G[?25l[+] Building 1.3s (12/13)                                                           
[34m => [internal] load local bake definitions                                     0.0s
[0m[34m => => reading from stdin 513B                                                 0.0s
[0m[34m => [internal] load build definition from Dockerfile                           0.1s
[0m[34m => => transferring dockerfile: 586B                                           0.0s
[0m[34m => [internal] load metadata for docker.io/library/ubuntu:22.04                0.8s
[0m[34m => [internal] load .dockerignore                                              0.1s
[0m[34m => => transferring context: 2B                                                0.0s
[0m[34m => [1/7] FROM docker.io/library/ubuntu:22.04@sha256:0e0a0fc6d18feda9db1590da  0.0s
[0m[34m => [internal] load build context                                              0.1s
[0m[34m => => transferring context: 65B                                               0.0s
[0m[34m => CACHED [2/7] WORKDIR /app                                                  0.0s
[0m[34m => CACHED [3/7] RUN apt-get update &&     apt-get install -y python3 python3  0.0s
[0m[34m => CACHED [4/7] COPY requirements.txt .                                       0.0s
[0m[34m => CACHED [5/7] RUN pip3 install --no-cache-dir -r requirements.txt           0.0s
[0m[34m => CACHED [6/7] RUN useradd --create-home appuser                             0.0s
[0m[34m => CACHED [7/7] COPY main.py .                                                0.0s
[0m => exporting to image                                                         0.0s
[34m => => exporting layers                                                        0.0s
[0m[34m => => writing image sha256:0278a7a1d76aebef174768206b0d69b1b1ffd3591d1726e66  0.0s
[0m[34m => => naming to docker.io/library/app-web                                     0.0s
[0m[?25h[1A[1A[1A[1A[1A[1A[1A[1A[1A[1A[1A[1A[1A[1A[1A[1A[1A[1A[1A[1A[1A[0G[?25l[+] Building 1.4s (13/13)                                                           
[34m => [internal] load local bake definitions                                     0.0s
[0m[34m => => reading from stdin 513B                                                 0.0s
[0m[34m => [internal] load build definition from Dockerfile                           0.1s
[0m[34m => => transferring dockerfile: 586B                                           0.0s
[0m[34m => [internal] load metadata for docker.io/library/ubuntu:22.04                0.8s
[0m[34m => [internal] load .dockerignore                                              0.1s
[0m[34m => => transferring context: 2B                                                0.0s
[0m[34m => [1/7] FROM docker.io/library/ubuntu:22.04@sha256:0e0a0fc6d18feda9db1590da  0.0s
[0m[34m => [internal] load build context                                              0.1s
[0m[34m => => transferring context: 65B                                               0.0s
[0m[34m => CACHED [2/7] WORKDIR /app                                                  0.0s
[0m[34m => CACHED [3/7] RUN apt-get update &&     apt-get install -y python3 python3  0.0s
[0m[34m => CACHED [4/7] COPY requirements.txt .                                       0.0s
[0m[34m => CACHED [5/7] RUN pip3 install --no-cache-dir -r requirements.txt           0.0s
[0m[34m => CACHED [6/7] RUN useradd --create-home appuser                             0.0s
[0m[34m => CACHED [7/7] COPY main.py .                                                0.0s
[0m[34m => exporting to image                                                         0.0s
[0m[34m => => exporting layers                                                        0.0s
[0m[34m => => writing image sha256:0278a7a1d76aebef174768206b0d69b1b1ffd3591d1726e66  0.0s
[0m[34m => => naming to docker.io/library/app-web                                     0.0s
[0m[?25h[1A[1A[1A[1A[1A[1A[1A[1A[1A[1A[1A[1A[1A[1A[1A[1A[1A[1A[1A[1A[1A[0G[?25l[+] Building 1.5s (13/14)                                                           
[34m => [internal] load local bake definitions                                     0.0s
[0m[34m => => reading from stdin 513B                                                 0.0s
[0m[34m => [internal] load build definition from Dockerfile                           0.1s
[0m[34m => => transferring dockerfile: 586B                                           0.0s
[0m[34m => [internal] load metadata for docker.io/library/ubuntu:22.04                0.8s
[0m[34m => [internal] load .dockerignore                                              0.1s
[0m[34m => => transferring context: 2B                                                0.0s
[0m[34m => [1/7] FROM docker.io/library/ubuntu:22.04@sha256:0e0a0fc6d18feda9db1590da  0.0s
[0m[34m => [internal] load build context                                              0.1s
[0m[34m => => transferring context: 65B                                               0.0s
[0m[34m => CACHED [2/7] WORKDIR /app                                                  0.0s
[0m[34m => CACHED [3/7] RUN apt-get update &&     apt-get install -y python3 python3  0.0s
[0m[34m => CACHED [4/7] COPY requirements.txt .                                       0.0s
[0m[34m => CACHED [5/7] RUN pip3 install --no-cache-dir -r requirements.txt           0.0s
[0m[34m => CACHED [6/7] RUN useradd --create-home appuser                             0.0s
[0m[34m => CACHED [7/7] COPY main.py .                                                0.0s
[0m[34m => exporting to image                                                         0.0s
[0m[34m => => exporting layers                                                        0.0s
[0m[34m => => writing image sha256:0278a7a1d76aebef174768206b0d69b1b1ffd3591d1726e66  0.0s
[0m[34m => => naming to docker.io/library/app-web                                     0.0s
[0m => resolving provenance for metadata file                                     0.0s
[?25h[1A[1A[1A[1A[1A[1A[1A[1A[1A[1A[1A[1A[1A[1A[1A[1A[1A[1A[1A[1A[1A[1A[0G[?25l[+] Building 1.5s (14/14) FINISHED                                                  
[34m => [internal] load local bake definitions                                     0.0s
[0m[34m => => reading from stdin 513B                                                 0.0s
[0m[34m => [internal] load build definition from Dockerfile                           0.1s
[0m[34m => => transferring dockerfile: 586B                                           0.0s
[0m[34m => [internal] load metadata for docker.io/library/ubuntu:22.04                0.8s
[0m[34m => [internal] load .dockerignore                                              0.1s
[0m[34m => => transferring context: 2B                                                0.0s
[0m[34m => [1/7] FROM docker.io/library/ubuntu:22.04@sha256:0e0a0fc6d18feda9db1590da  0.0s
[0m[34m => [internal] load build context                                              0.1s
[0m[34m => => transferring context: 65B                                               0.0s
[0m[34m => CACHED [2/7] WORKDIR /app                                                  0.0s
[0m[34m => CACHED [3/7] RUN apt-get update &&     apt-get install -y python3 python3  0.0s
[0m[34m => CACHED [4/7] COPY requirements.txt .                                       0.0s
[0m[34m => CACHED [5/7] RUN pip3 install --no-cache-dir -r requirements.txt           0.0s
[0m[34m => CACHED [6/7] RUN useradd --create-home appuser                             0.0s
[0m[34m => CACHED [7/7] COPY main.py .                                                0.0s
[0m[34m => exporting to image                                                         0.0s
[0m[34m => => exporting layers                                                        0.0s
[0m[34m => => writing image sha256:0278a7a1d76aebef174768206b0d69b1b1ffd3591d1726e66  0.0s
[0m[34m => => naming to docker.io/library/app-web                                     0.0s
[0m[34m => resolving provenance for metadata file                                     0.0s
[0m[?25h[1A[1B[0G[?25l[+] Running 1/2
 [32m✔[0m app-web              [32mBuilt[0m                                                  [34m0.0s [0m
 [33m⠋[0m Network app_default  Creating                                               [34m0.0s [0m
[?25h[1A[1A[1A[0G[?25l[34m[+] Running 2/3[0m
 [32m✔[0m app-web                [32mBuilt[0m                                                [34m0.0s [0m
 [32m✔[0m Network app_default    [32mCreated[0m                                              [34m0.1s [0m
 [33m⠋[0m Container app-redis-1  Creating                                             [34m0.0s [0m
[?25h[1A[1A[1A[1A[0G[?25l[+] Running 2/3
 [32m✔[0m app-web                [32mBuilt[0m                                                [34m0.0s [0m
 [32m✔[0m Network app_default    [32mCreated[0m                                              [34m0.1s [0m
 [33m⠙[0m Container app-redis-1  Creating                                             [34m0.1s [0m
[?25h[1A[1A[1A[1A[0G[?25l[34m[+] Running 3/4[0m
 [32m✔[0m app-web                [32mBuilt[0m                                                [34m0.0s [0m
 [32m✔[0m Network app_default    [32mCreated[0m                                              [34m0.1s [0m
 [32m✔[0m Container app-redis-1  [32mCreated[0m                                              [34m0.2s [0m
 [33m⠋[0m Container app-web-1    Creating                                             [34m0.0s [0m
[?25h[1A[1A[1A[1A[1A[0G[?25l[+] Running 3/4
 [32m✔[0m app-web                [32mBuilt[0m                                                [34m0.0s [0m
 [32m✔[0m Network app_default    [32mCreated[0m                                              [34m0.1s [0m
 [33m⠹[0m Container app-redis-1  Starting                                             [34m0.3s [0m
 [32m✔[0m Container app-web-1    [32mCreated[0m                                              [34m0.1s [0m
[?25h[1A[1A[1A[1A[1A[0G[?25l[+] Running 3/4
 [32m✔[0m app-web                [32mBuilt[0m                                                [34m0.0s [0m
 [32m✔[0m Network app_default    [32mCreated[0m                                              [34m0.1s [0m
 [33m⠸[0m Container app-redis-1  Starting                                             [34m0.4s [0m
 [32m✔[0m Container app-web-1    [32mCreated[0m                                              [34m0.1s [0m
[?25h[1A[1A[1A[1A[1A[0G[?25l[+] Running 3/4
 [32m✔[0m app-web                [32mBuilt[0m                                                [34m0.0s [0m
 [32m✔[0m Network app_default    [32mCreated[0m                                              [34m0.1s [0m
 [33m⠼[0m Container app-redis-1  Starting                                             [34m0.5s [0m
 [32m✔[0m Container app-web-1    [32mCreated[0m                                              [34m0.1s [0m
[?25h[1A[1A[1A[1A[1A[0G[?25l[+] Running 3/4
 [32m✔[0m app-web                [32mBuilt[0m                                                [34m0.0s [0m
 [32m✔[0m Network app_default    [32mCreated[0m                                              [34m0.1s [0m
 [32m✔[0m Container app-redis-1  [32mStarted[0m                                              [34m0.5s [0m
 [33m⠙[0m Container app-web-1    Starting                                             [34m0.4s [0m
[?25h[1A[1A[1A[1A[1A[0G[?25l[+] Running 3/4
 [32m✔[0m app-web                [32mBuilt[0m                                                [34m0.0s [0m
 [32m✔[0m Network app_default    [32mCreated[0m                                              [34m0.1s [0m
 [32m✔[0m Container app-redis-1  [32mStarted[0m                                              [34m0.5s [0m
 [33m⠹[0m Container app-web-1    Starting                                             [34m0.5s [0m
[?25h[1A[1A[1A[1A[1A[0G[?25l[34m[+] Running 4/4[0m
 [32m✔[0m app-web                [32mBuilt[0m                                                [34m0.0s [0m
 [32m✔[0m Network app_default    [32mCreated[0m                                              [34m0.1s [0m
 [32m✔[0m Container app-redis-1  [32mStarted[0m                                              [34m0.5s [0m
 [32m✔[0m Container app-web-1    [32mStarted[0m                                              [34m0.6s [0m
[?25hNAME          IMAGE            COMMAND                  SERVICE   CREATED        STATUS                                     PORTS
app-redis-1   redis:7-alpine   "docker-entrypoint.s…"   redis     1 second ago   Up Less than a second                      6379/tcp
app-web-1     app-web          "uvicorn main:app --…"   web       1 second ago   Up Less than a second (health: starting)   0.0.0.0:8080->8000/tcp, [::]:8080->8000/tcp
[1m[7m%[27m[1m[0m                                                                                    [0m[27m[24m[Jbeenjeong022655@c5r4s7 app % [K[?2004h[7mcurl http://localhost:8080[27m
[7mcurl http://localhost:8080[27m[K
[7mcurl http://localhost:8080[27m[K[A[A[3C[27mc[27mu[27mr[27ml[27m [27mh[27mt[27mt[27mp[27m:[27m/[27m/[27ml[27mo[27mc[27ma[27ml[27mh[27mo[27ms[27mt[27m:[27m8[27m0[27m8[27m0[1B[27mc[27mu[27mr[27ml[27m [27mh[27mt[27mt[27mp[27m:[27m/[27m/[27ml[27mo[27mc[27ma[27ml[27mh[27mo[27ms[27mt[27m:[27m8[27m0[27m8[27m0[1B[27mc[27mu[27mr[27ml[27m [27mh[27mt[27mt[27mp[27m:[27m/[27m/[27ml[27mo[27mc[27ma[27ml[27mh[27mo[27ms[27mt[27m:[27m8[27m0[27m8[27m0[?2004l
{"message":"Hello","visit_count":1}{"message":"Hello","visit_count":2}{"message":"Hello","visit_count":3}[1m[7m%[27m[1m[0m                                                                                    [0m[27m[24m[Jbeenjeong022655@c5r4s7 app % [K[?2004heexit[?2004l
